// Jest Snapshot v1, https://goo.gl/fbAQLP

exports[`works 1`] = `
Array [
  Object {
    "PLpgSQL_function": Object {
      "action": Object {
        "PLpgSQL_stmt_block": Object {
          "body": Array [
            Object {
              "PLpgSQL_stmt_assign": Object {
                "expr": Object {
                  "PLpgSQL_expr": Object {
                    "query": "SELECT ast.jsonb_set(result, '{IndexElem, name}', to_jsonb(v_name))",
                  },
                },
                "lineno": 5,
                "varno": 7,
              },
            },
            Object {
              "PLpgSQL_stmt_assign": Object {
                "expr": Object {
                  "PLpgSQL_expr": Object {
                    "query": "SELECT ast.jsonb_set(result, '{IndexElem, ordering}', to_jsonb(v_ordering))",
                  },
                },
                "lineno": 6,
                "varno": 7,
              },
            },
            Object {
              "PLpgSQL_stmt_assign": Object {
                "expr": Object {
                  "PLpgSQL_expr": Object {
                    "query": "SELECT ast.jsonb_set(result, '{IndexElem, nulls_ordering}', to_jsonb(v_nulls_ordering))",
                  },
                },
                "lineno": 7,
                "varno": 7,
              },
            },
            Object {
              "PLpgSQL_stmt_assign": Object {
                "expr": Object {
                  "PLpgSQL_expr": Object {
                    "query": "SELECT ast.jsonb_set(result, '{IndexElem, expr}', v_expr)",
                  },
                },
                "lineno": 8,
                "varno": 7,
              },
            },
            Object {
              "PLpgSQL_stmt_assign": Object {
                "expr": Object {
                  "PLpgSQL_expr": Object {
                    "query": "SELECT ast.jsonb_set(result, '{IndexElem, opclass}', v_opclass)",
                  },
                },
                "lineno": 9,
                "varno": 7,
              },
            },
            Object {
              "PLpgSQL_stmt_assign": Object {
                "expr": Object {
                  "PLpgSQL_expr": Object {
                    "query": "SELECT ast.jsonb_set(result, '{IndexElem, collation}', v_collation)",
                  },
                },
                "lineno": 10,
                "varno": 7,
              },
            },
            Object {
              "PLpgSQL_stmt_return": Object {
                "expr": Object {
                  "PLpgSQL_expr": Object {
                    "query": "SELECT result",
                  },
                },
                "lineno": 11,
              },
            },
          ],
          "lineno": 4,
        },
      },
      "datums": Array [
        Object {
          "PLpgSQL_var": Object {
            "datatype": Object {
              "PLpgSQL_type": Object {
                "typname": "UNKNOWN",
              },
            },
            "refname": "v_name",
          },
        },
        Object {
          "PLpgSQL_var": Object {
            "datatype": Object {
              "PLpgSQL_type": Object {
                "typname": "UNKNOWN",
              },
            },
            "refname": "v_ordering",
          },
        },
        Object {
          "PLpgSQL_var": Object {
            "datatype": Object {
              "PLpgSQL_type": Object {
                "typname": "UNKNOWN",
              },
            },
            "refname": "v_nulls_ordering",
          },
        },
        Object {
          "PLpgSQL_var": Object {
            "datatype": Object {
              "PLpgSQL_type": Object {
                "typname": "UNKNOWN",
              },
            },
            "refname": "v_expr",
          },
        },
        Object {
          "PLpgSQL_var": Object {
            "datatype": Object {
              "PLpgSQL_type": Object {
                "typname": "UNKNOWN",
              },
            },
            "refname": "v_opclass",
          },
        },
        Object {
          "PLpgSQL_var": Object {
            "datatype": Object {
              "PLpgSQL_type": Object {
                "typname": "UNKNOWN",
              },
            },
            "refname": "v_collation",
          },
        },
        Object {
          "PLpgSQL_var": Object {
            "datatype": Object {
              "PLpgSQL_type": Object {
                "typname": "UNKNOWN",
              },
            },
            "refname": "found",
          },
        },
        Object {
          "PLpgSQL_var": Object {
            "datatype": Object {
              "PLpgSQL_type": Object {
                "typname": "jsonb ",
              },
            },
            "default_val": Object {
              "PLpgSQL_expr": Object {
                "query": "SELECT '{\\"IndexElem\\":{}}'::jsonb",
              },
            },
            "lineno": 3,
            "refname": "result",
          },
        },
      ],
    },
  },
]
`;
